// Jest Snapshot v1, https://goo.gl/fbAQLP

exports[`Componente de transação do extrato O Snapshot do component deve permanecer sempre o mesmo 1`] = `
<div
  class="transacao-container"
>
  <p>
    08/09/2020
  </p>
  <p>
    saque
  </p>
  <p>
    R$ 
    R$ 20.00
  </p>
</div>
`;
